// Jest Snapshot v1, https://goo.gl/fbAQLP

exports[`Hero Component Matches standard output 1`] = `
<styled.div>
  <Centered>
    <SVG />
    <SVG />
    <styled.h2>
      Travel. Work.
    </styled.h2>
    <styled.h1>
      <em>
        See the world
      </em>
    </styled.h1>
    <styled.div>
      <styled.button>
        <styled.i
          aria-hidden="true"
          className="fa fa-search fa-2x"
        />
        EXPLORE ALL JOBS
      </styled.button>
      <styled.button>
        <styled.i
          aria-hidden="true"
          className="fa fa-users fa-2x"
        />
        HIRING? START HERE
      </styled.button>
    </styled.div>
    <styled.p>
      Use Jobbatical to find a tech, business, 
      <br />
      or creative job abroad.
    </styled.p>
  </Centered>
  <Footer>
    <styled.p>
      Currently heaps of teams in loads of 
      <br />
      countries could use your help! 
    </styled.p>
  </Footer>
</styled.div>
`;
