// Jest Snapshot v1, https://goo.gl/fbAQLP

exports[`Press component matches standard output 1`] = `
ShallowWrapper {
  "complexSelector": ComplexSelector {
    "buildPredicate": [Function],
    "childrenOfNode": [Function],
    "findWhereUnwrapped": [Function],
  },
  "length": 1,
  "node": <styled.div>
    <styled.h3>
        THE PRESS
    </styled.h3>
    <styled.div>
        <styled.h1>
            What they are saying
        </styled.h1>
    </styled.div>
    <PressComments
        comments={
            Array [
                Array [
                  "Need A Break From Home, But Want To Keep Working? Take A Jobbatical.",
                  "Wicked Websites",
                ],
                Array [
                  "Jobbatical provides an international “help-wanted” platform.",
                  "Wicked Websites",
                ],
                Array [
                  "Would you be interested in taking a Jobbatical?",
                  "Wicked Websites",
                ],
              ]
        }
    />
    <Logos
        logos={
            Array [
                "https://i.forbesimg.com/media/amp/images/forbes-logo-dark.png",
                "https://static1.squarespace.com/static/54749c39e4b0712a5b6a8d96/t/54aff0cde4b0ce916d661055/1420816594157/wallstreetjournal.png",
                "http://m.files.bbci.co.uk/modules/bbc-morph-news-waf-page-meta/1.2.0/bbc_news_logo.png?cb=1",
                "http://www.adweek.com/wp-content/uploads/sites/9/2015/07/MAshable_Logo.jpg",
                "http://talkingbiznews.com/wp-content/uploads/2014/11/business-insider-logo_full_600.jpg",
              ]
        }
    />
</styled.div>,
  "nodes": Array [
    <styled.div>
      <styled.h3>
            THE PRESS
      </styled.h3>
      <styled.div>
            <styled.h1>
                  What they are saying
            </styled.h1>
      </styled.div>
      <PressComments
            comments={
                  Array [
                        Array [
                          "Need A Break From Home, But Want To Keep Working? Take A Jobbatical.",
                          "Wicked Websites",
                        ],
                        Array [
                          "Jobbatical provides an international “help-wanted” platform.",
                          "Wicked Websites",
                        ],
                        Array [
                          "Would you be interested in taking a Jobbatical?",
                          "Wicked Websites",
                        ],
                      ]
            }
      />
      <Logos
            logos={
                  Array [
                        "https://i.forbesimg.com/media/amp/images/forbes-logo-dark.png",
                        "https://static1.squarespace.com/static/54749c39e4b0712a5b6a8d96/t/54aff0cde4b0ce916d661055/1420816594157/wallstreetjournal.png",
                        "http://m.files.bbci.co.uk/modules/bbc-morph-news-waf-page-meta/1.2.0/bbc_news_logo.png?cb=1",
                        "http://www.adweek.com/wp-content/uploads/sites/9/2015/07/MAshable_Logo.jpg",
                        "http://talkingbiznews.com/wp-content/uploads/2014/11/business-insider-logo_full_600.jpg",
                      ]
            }
      />
</styled.div>,
  ],
  "options": Object {},
  "renderer": ReactShallowRenderer {
    "_instance": ShallowComponentWrapper {
      "_calledComponentWillUnmount": false,
      "_compositeType": 2,
      "_context": Object {},
      "_currentElement": <Press />,
      "_debugID": 52,
      "_hostContainerInfo": null,
      "_hostParent": null,
      "_instance": StatelessComponent {
        "_reactInternalInstance": [Circular],
        "context": Object {},
        "props": Object {},
        "refs": Object {},
        "state": null,
        "updater": Object {
          "enqueueCallback": [Function],
          "enqueueCallbackInternal": [Function],
          "enqueueElementInternal": [Function],
          "enqueueForceUpdate": [Function],
          "enqueueReplaceState": [Function],
          "enqueueSetState": [Function],
          "isMounted": [Function],
          "validateCallback": [Function],
        },
      },
      "_mountOrder": 1,
      "_pendingCallbacks": null,
      "_pendingElement": null,
      "_pendingForceUpdate": false,
      "_pendingReplaceState": false,
      "_pendingStateQueue": null,
      "_renderedComponent": NoopInternalComponent {
        "_currentElement": <styled.div>
          <styled.h3>
                    THE PRESS
          </styled.h3>
          <styled.div>
                    <styled.h1>
                              What they are saying
                    </styled.h1>
          </styled.div>
          <PressComments
                    comments={
                              Array [
                                        Array [
                                          "Need A Break From Home, But Want To Keep Working? Take A Jobbatical.",
                                          "Wicked Websites",
                                        ],
                                        Array [
                                          "Jobbatical provides an international “help-wanted” platform.",
                                          "Wicked Websites",
                                        ],
                                        Array [
                                          "Would you be interested in taking a Jobbatical?",
                                          "Wicked Websites",
                                        ],
                                      ]
                    }
          />
          <Logos
                    logos={
                              Array [
                                        "https://i.forbesimg.com/media/amp/images/forbes-logo-dark.png",
                                        "https://static1.squarespace.com/static/54749c39e4b0712a5b6a8d96/t/54aff0cde4b0ce916d661055/1420816594157/wallstreetjournal.png",
                                        "http://m.files.bbci.co.uk/modules/bbc-morph-news-waf-page-meta/1.2.0/bbc_news_logo.png?cb=1",
                                        "http://www.adweek.com/wp-content/uploads/sites/9/2015/07/MAshable_Logo.jpg",
                                        "http://talkingbiznews.com/wp-content/uploads/2014/11/business-insider-logo_full_600.jpg",
                                      ]
                    }
          />
</styled.div>,
        "_debugID": 53,
        "_renderedOutput": <styled.div>
          <styled.h3>
                    THE PRESS
          </styled.h3>
          <styled.div>
                    <styled.h1>
                              What they are saying
                    </styled.h1>
          </styled.div>
          <PressComments
                    comments={
                              Array [
                                        Array [
                                          "Need A Break From Home, But Want To Keep Working? Take A Jobbatical.",
                                          "Wicked Websites",
                                        ],
                                        Array [
                                          "Jobbatical provides an international “help-wanted” platform.",
                                          "Wicked Websites",
                                        ],
                                        Array [
                                          "Would you be interested in taking a Jobbatical?",
                                          "Wicked Websites",
                                        ],
                                      ]
                    }
          />
          <Logos
                    logos={
                              Array [
                                        "https://i.forbesimg.com/media/amp/images/forbes-logo-dark.png",
                                        "https://static1.squarespace.com/static/54749c39e4b0712a5b6a8d96/t/54aff0cde4b0ce916d661055/1420816594157/wallstreetjournal.png",
                                        "http://m.files.bbci.co.uk/modules/bbc-morph-news-waf-page-meta/1.2.0/bbc_news_logo.png?cb=1",
                                        "http://www.adweek.com/wp-content/uploads/sites/9/2015/07/MAshable_Logo.jpg",
                                        "http://talkingbiznews.com/wp-content/uploads/2014/11/business-insider-logo_full_600.jpg",
                                      ]
                    }
          />
</styled.div>,
      },
      "_renderedNodeType": 1,
      "_rootNodeID": 0,
      "_topLevelWrapper": null,
      "_updateBatchNumber": null,
      "_warnedAboutRefsInRender": false,
    },
    "getRenderOutput": [Function],
    "render": [Function],
  },
  "root": [Circular],
  "unrendered": <Press />,
}
`;
